2015-07-24 17:15:58.431 Femiapp[24741:3029272] VERBOSE: GoogleAnalytics 3.07 -[GAIRequestBuilder requestGetUrl:payload:] (GAIRequestBuilder.m:195): building URLRequest for https://ssl.google-analytics.com/collect
2015-07-24 17:15:58.432 Femiapp[24741:3029272] VERBOSE: GoogleAnalytics 3.07 -[GAIBatchingDispatcher dispatch] (GAIBatchingDispatcher.m:509): Sending hit(s) GET: https://ssl.google-analytics.com/collect?av=0.0.1&cd=home&t=appview&ul=en&_u=.te7nL&tid=UA-50190992-1&cid=a708f01c-ae19-40a7-9e3a-052d465c806d&sr=320x480&v=1&aid=com.dagrinchi.sexyplan&_v=mi3.0.7&an=Femiapp&ht=1437776149310&qt=9121&z=3119406450755136786
2015-07-24 17:15:58.496 Femiapp[24741:3029217] INFO: GoogleAnalytics 3.07 -[GAIBatchingDispatcher didSendHits:response:data:error:] (GAIBatchingDispatcher.m:157): Hit(s) dispatched: HTTP status 200
2015-07-24 17:15:58.496 Femiapp[24741:3029272] INFO: GoogleAnalytics 3.07 -[GAIBatchingDispatcher deleteHits:] (GAIBatchingDispatcher.m:436): hit(s) Successfully dispatched
2015-07-24 17:15:58.497 Femiapp[24741:3029272] INFO: GoogleAnalytics 3.07 -[GAIBatchingDispatcher didSendHits:] (GAIBatchingDispatcher.m:167): 1 hit(s) sent
2015-07-24 17:15:58.498 Femiapp[24741:3029272] VERBOSE: GoogleAnalytics 3.07 -[GAIRequestBuilder requestGetUrl:payload:] (GAIRequestBuilder.m:195): building URLRequest for https://ssl.google-analytics.com/collect
2015-07-24 17:15:58.498 Femiapp[24741:3029272] VERBOSE: GoogleAnalytics 3.07 -[GAIBatchingDispatcher dispatch] (GAIBatchingDispatcher.m:509): Sending hit(s) GET: https://ssl.google-analytics.com/collect?av=0.0.1&cd=calendar&t=appview&ul=en&_u=.L&tid=UA-50190992-1&cid=a708f01c-ae19-40a7-9e3a-052d465c806d&sr=320x480&v=1&aid=com.dagrinchi.sexyplan&_v=mi3.0.7&an=Femiapp&ht=1437776149947&qt=8551&z=3119406450755136787
2015-07-24 17:15:58.562 Femiapp[24741:3029217] INFO: GoogleAnalytics 3.07 -[GAIBatchingDispatcher didSendHits:response:data:error:] (GAIBatchingDispatcher.m:157): Hit(s) dispatched: HTTP status 200
2015-07-24 17:15:58.563 Femiapp[24741:3029272] INFO: GoogleAnalytics 3.07 -[GAIBatchingDispatcher deleteHits:] (GAIBatchingDispatcher.m:436): hit(s) Successfully dispatched
2015-07-24 17:15:58.563 Femiapp[24741:3029272] INFO: GoogleAnalytics 3.07 -[GAIBatchingDispatcher didSendHits:] (GAIBatchingDispatcher.m:167): 1 hit(s) sent
2015-07-24 17:15:58.564 Femiapp[24741:3029272] VERBOSE: GoogleAnalytics 3.07 -[GAIRequestBuilder requestGetUrl:payload:] (GAIRequestBuilder.m:195): building URLRequest for https://ssl.google-analytics.com/collect
2015-07-24 17:15:58.564 Femiapp[24741:3029272] VERBOSE: GoogleAnalytics 3.07 -[GAIBatchingDispatcher dispatch] (GAIBatchingDispatcher.m:509): Sending hit(s) GET: https://ssl.google-analytics.com/collect?av=0.0.1&cd=help&t=appview&ul=en&_u=.L&tid=UA-50190992-1&cid=a708f01c-ae19-40a7-9e3a-052d465c806d&sr=320x480&v=1&aid=com.dagrinchi.sexyplan&_v=mi3.0.7&an=Femiapp&ht=1437776152174&qt=6389&z=3119406450755136788
2015-07-24 17:15:58.625 Femiapp[24741:3029217] INFO: GoogleAnalytics 3.07 -[GAIBatchingDispatcher didSendHits:response:data:error:] (GAIBatchingDispatcher.m:157): Hit(s) dispatched: HTTP status 200
2015-07-24 17:15:58.626 Femiapp[24741:3029272] INFO: GoogleAnalytics 3.07 -[GAIBatchingDispatcher deleteHits:] (GAIBatchingDispatcher.m:436): hit(s) Successfully dispatched
2015-07-24 17:15:58.627 Femiapp[24741:3029272] INFO: GoogleAnalytics 3.07 -[GAIBatchingDispatcher didSendHits:] (GAIBatchingDispatcher.m:167): 1 hit(s) sent
2015-07-24 17:15:58.627 Femiapp[24741:3029272] VERBOSE: GoogleAnalytics 3.07 -[GAIRequestBuilder requestGetUrl:payload:] (GAIRequestBuilder.m:195): building URLRequest for https://ssl.google-analytics.com/collect
2015-07-24 17:15:58.627 Femiapp[24741:3029272] VERBOSE: GoogleAnalytics 3.07 -[GAIBatchingDispatcher dispatch] (GAIBatchingDispatcher.m:509): Sending hit(s) GET: https://ssl.google-analytics.com/collect?av=0.0.1&cd=calendar&t=appview&ul=en&_u=.L&tid=UA-50190992-1&cid=a708f01c-ae19-40a7-9e3a-052d465c806d&sr=320x480&v=1&aid=com.dagrinchi.sexyplan&_v=mi3.0.7&an=Femiapp&ht=1437776153379&qt=5248&z=3119406450755136789
2015-07-24 17:15:58.688 Femiapp[24741:3029217] INFO: GoogleAnalytics 3.07 -[GAIBatchingDispatcher didSendHits:response:data:error:] (GAIBatchingDispatcher.m:157): Hit(s) dispatched: HTTP status 200
2015-07-24 17:15:58.689 Femiapp[24741:3029272] INFO: GoogleAnalytics 3.07 -[GAIBatchingDispatcher deleteHits:] (GAIBatchingDispatcher.m:436): hit(s) Successfully dispatched
2015-07-24 17:15:58.689 Femiapp[24741:3029272] INFO: GoogleAnalytics 3.07 -[GAIBatchingDispatcher didSendHits:] (GAIBatchingDispatcher.m:167): 1 hit(s) sent
2015-07-24 17:15:58.690 Femiapp[24741:3029272] VERBOSE: GoogleAnalytics 3.07 -[GAIRequestBuilder requestGetUrl:payload:] (GAIRequestBuilder.m:195): building URLRequest for https://ssl.google-analytics.com/collect
2015-07-24 17:15:58.690 Femiapp[24741:3029272] VERBOSE: GoogleAnalytics 3.07 -[GAIBatchingDispatcher dispatch] (GAIBatchingDispatcher.m:509): Sending hit(s) GET: https://ssl.google-analytics.com/collect?av=0.0.1&cd=home&t=appview&ul=en&_u=.L&tid=UA-50190992-1&cid=a708f01c-ae19-40a7-9e3a-052d465c806d&sr=320x480&v=1&aid=com.dagrinchi.sexyplan&_v=mi3.0.7&an=Femiapp&ht=1437776154580&qt=4109&z=3119406450755136790
2015-07-24 17:15:58.753 Femiapp[24741:3029217] INFO: GoogleAnalytics 3.07 -[GAIBatchingDispatcher didSendHits:response:data:error:] (GAIBatchingDispatcher.m:157): Hit(s) dispatched: HTTP status 200
2015-07-24 17:15:58.754 Femiapp[24741:3029272] INFO: GoogleAnalytics 3.07 -[GAIBatchingDispatcher deleteHits:] (GAIBatchingDispatcher.m:436): hit(s) Successfully dispatched
2015-07-24 17:15:58.754 Femiapp[24741:3029272] INFO: GoogleAnalytics 3.07 -[GAIBatchingDispatcher didSendHits:] (GAIBatchingDispatcher.m:167): 1 hit(s) sent
2015-07-24 17:15:58.755 Femiapp[24741:3029272] VERBOSE: GoogleAnalytics 3.07 -[GAIRequestBuilder requestGetUrl:payload:] (GAIRequestBuilder.m:195): building URLRequest for https://ssl.google-analytics.com/collect
2015-07-24 17:15:58.755 Femiapp[24741:3029272] VERBOSE: GoogleAnalytics 3.07 -[GAIBatchingDispatcher dispatch] (GAIBatchingDispatcher.m:509): Sending hit(s) GET: https://ssl.google-analytics.com/collect?av=0.0.1&cd=pildoras&t=appview&ul=en&_u=.L&tid=UA-50190992-1&cid=a708f01c-ae19-40a7-9e3a-052d465c806d&sr=320x480&v=1&aid=com.dagrinchi.sexyplan&_v=mi3.0.7&an=Femiapp&ht=1437776155785&qt=2969&z=3119406450755136791
2015-07-24 17:15:58.824 Femiapp[24741:3029217] INFO: GoogleAnalytics 3.07 -[GAIBatchingDispatcher didSendHits:response:data:error:] (GAIBatchingDispatcher.m:157): Hit(s) dispatched: HTTP status 200
2015-07-24 17:15:58.824 Femiapp[24741:3029272] INFO: GoogleAnalytics 3.07 -[GAIBatchingDispatcher deleteHits:] (GAIBatchingDispatcher.m:436): hit(s) Successfully dispatched
2015-07-24 17:15:58.825 Femiapp[24741:3029272] INFO: GoogleAnalytics 3.07 -[GAIBatchingDispatcher didSendHits:] (GAIBatchingDispatcher.m:167): 1 hit(s) sent
2015-07-24 17:15:58.825 Femiapp[24741:3029272] VERBOSE: GoogleAnalytics 3.07 -[GAIRequestBuilder requestGetUrl:payload:] (GAIRequestBuilder.m:195): building URLRequest for https://ssl.google-analytics.com/collect
2015-07-24 17:15:58.825 Femiapp[24741:3029272] VERBOSE: GoogleAnalytics 3.07 -[GAIBatchingDispatcher dispatch] (GAIBatchingDispatcher.m:509): Sending hit(s) GET: https://ssl.google-analytics.com/collect?av=0.0.1&cd=home&t=appview&ul=en&_u=.L&tid=UA-50190992-1&cid=a708f01c-ae19-40a7-9e3a-052d465c806d&sr=320x480&v=1&aid=com.dagrinchi.sexyplan&_v=mi3.0.7&an=Femiapp&ht=1437776156492&qt=2332&z=3119406450755136792
2015-07-24 17:15:58.887 Femiapp[24741:3029217] INFO: GoogleAnalytics 3.07 -[GAIBatchingDispatcher didSendHits:response:data:error:] (GAIBatchingDispatcher.m:157): Hit(s) dispatched: HTTP status 200
2015-07-24 17:15:58.887 Femiapp[24741:3029272] INFO: GoogleAnalytics 3.07 -[GAIBatchingDispatcher deleteHits:] (GAIBatchingDispatcher.m:436): hit(s) Successfully dispatched
2015-07-24 17:15:58.888 Femiapp[24741:3029272] INFO: GoogleAnalytics 3.07 -[GAIBatchingDispatcher didSendHits:] (GAIBatchingDispatcher.m:167): 1 hit(s) sent
2015-07-24 17:16:00.972 Femiapp[24741:3029217] CDVWebViewDelegate: Navigation started when state=1
2015-07-24 17:16:00.972 Femiapp[24741:3029217] Failed to load webpage with error: CDVWebViewDelegate: Navigation started when state=1
2015-07-24 17:16:00.975 Femiapp[24741:3029217] Resetting plugins due to page load.
2015-07-24 17:16:01.007 Femiapp[24741:3029217] Finished load of: file:///Users/david/Library/Developer/CoreSimulator/Devices/4849EA84-7299-4530-AA4D-A406B4968F3B/data/Containers/Bundle/Application/2D4175F2-1BA9-46B9-83FD-90F15F2DC558/Femiapp.app/www/index.html?search_txt=yax#search
2015-07-24 17:16:01.070 Femiapp[24741:3029272] VERBOSE: GoogleAnalytics 3.07 -[GAIBatchingDispatcher persist:] (GAIBatchingDispatcher.m:424): Saved hit: {
    parameters =     {
        "&_u" = ".te7nL";
        "&_v" = "mi3.0.7";
        "&aid" = "com.dagrinchi.sexyplan";
        "&an" = Femiapp;
        "&av" = "0.0.1";
        "&cd" = search;
        "&cid" = "a708f01c-ae19-40a7-9e3a-052d465c806d";
        "&sr" = 320x480;
        "&t" = appview;
        "&tid" = "UA-50190992-1";
        "&ul" = en;
        "&v" = 1;
        "&z" = 3119406450755136793;
        gaiVersion = "3.07";
    };
    timestamp = "2015-07-24 22:16:01 +0000";
}
2015-07-24 17:16:01.849 Femiapp[24741:3029217] Resetting plugins due to page load.
2015-07-24 17:16:01.861 Femiapp[24741:3029217] Finished load of: file:///Users/david/Library/Developer/CoreSimulator/Devices/4849EA84-7299-4530-AA4D-A406B4968F3B/data/Containers/Bundle/Application/2D4175F2-1BA9-46B9-83FD-90F15F2DC558/Femiapp.app/www/index.html#home
2015-07-24 17:16:01.930 Femiapp[24741:3029272] VERBOSE: GoogleAnalytics 3.07 -[GAIBatchingDispatcher persist:] (GAIBatchingDispatcher.m:424): Saved hit: {
    parameters =     {
        "&_u" = ".te7nL";
        "&_v" = "mi3.0.7";
        "&aid" = "com.dagrinchi.sexyplan";
        "&an" = Femiapp;
        "&av" = "0.0.1";
        "&cd" = home;
        "&cid" = "a708f01c-ae19-40a7-9e3a-052d465c806d";
        "&sr" = 320x480;
        "&t" = appview;
        "&tid" = "UA-50190992-1";
        "&ul" = en;
        "&v" = 1;
        "&z" = 3119406450755136794;
        gaiVersion = "3.07";
    };
    timestamp = "2015-07-24 22:16:01 +0000";
}
2015-07-24 17:16:03.911 Femiapp[24741:3029217] {"code":5,"message":"could not prepare statement (1 no such table: planning)"}
2015-07-24 17:16:03.911 Femiapp[24741:3029272] VERBOSE: GoogleAnalytics 3.07 -[GAIBatchingDispatcher persist:] (GAIBatchingDispatcher.m:424): Saved hit: {
    parameters =     {
        "&_u" = ".L";
        "&_v" = "mi3.0.7";
        "&aid" = "com.dagrinchi.sexyplan";
        "&an" = Femiapp;
        "&av" = "0.0.1";
        "&cd" = calendar;
        "&cid" = "a708f01c-ae19-40a7-9e3a-052d465c806d";
        "&sr" = 320x480;
        "&t" = appview;
        "&tid" = "UA-50190992-1";
        "&ul" = en;
        "&v" = 1;
        "&z" = 3119406450755136795;
        gaiVersion = "3.07";
    };
    timestamp = "2015-07-24 22:16:03 +0000";
}
2015-07-24 17:16:11.076 Femiapp[24741:3029272] VERBOSE: GoogleAnalytics 3.07 -[GAIRequestBuilder requestGetUrl:payload:] (GAIRequestBuilder.m:195): building URLRequest for https://ssl.google-analytics.com/collect
2015-07-24 17:16:11.076 Femiapp[24741:3029272] VERBOSE: GoogleAnalytics 3.07 -[GAIBatchingDispatcher dispatch] (GAIBatchingDispatcher.m:509): Sending hit(s) GET: https://ssl.google-analytics.com/collect?av=0.0.1&cd=search&t=appview&ul=en&_u=.te7nL&tid=UA-50190992-1&cid=a708f01c-ae19-40a7-9e3a-052d465c806d&sr=320x480&v=1&aid=com.dagrinchi.sexyplan&_v=mi3.0.7&an=Femiapp&ht=1437776161069&qt=10007&z=3119406450755136793
2015-07-24 17:16:11.142 Femiapp[24741:3029217] INFO: GoogleAnalytics 3.07 -[GAIBatchingDispatcher didSendHits:response:data:error:] (GAIBatchingDispatcher.m:157): Hit(s) dispatched: HTTP status 200
2015-07-24 17:16:11.142 Femiapp[24741:3029272] INFO: GoogleAnalytics 3.07 -[GAIBatchingDispatcher deleteHits:] (GAIBatchingDispatcher.m:436): hit(s) Successfully dispatched
2015-07-24 17:16:11.144 Femiapp[24741:3029272] INFO: GoogleAnalytics 3.07 -[GAIBatchingDispatcher didSendHits:] (GAIBatchingDispatcher.m:167): 1 hit(s) sent
2015-07-24 17:16:11.145 Femiapp[24741:3029272] VERBOSE: GoogleAnalytics 3.07 -[GAIRequestBuilder requestGetUrl:payload:] (GAIRequestBuilder.m:195): building URLRequest for https://ssl.google-analytics.com/collect
2015-07-24 17:16:11.145 Femiapp[24741:3029272] VERBOSE: GoogleAnalytics 3.07 -[GAIBatchingDispatcher dispatch] (GAIBatchingDispatcher.m:509): Sending hit(s) GET: https://ssl.google-analytics.com/collect?av=0.0.1&cd=home&t=appview&ul=en&_u=.te7nL&tid=UA-50190992-1&cid=a708f01c-ae19-40a7-9e3a-052d465c806d&sr=320x480&v=1&aid=com.dagrinchi.sexyplan&_v=mi3.0.7&an=Femiapp&ht=1437776161928&qt=9216&z=3119406450755136794
2015-07-24 17:16:11.203 Femiapp[24741:3029217] INFO: GoogleAnalytics 3.07 -[GAIBatchingDispatcher didSendHits:response:data:error:] (GAIBatchingDispatcher.m:157): Hit(s) dispatched: HTTP status 200
2015-07-24 17:16:11.203 Femiapp[24741:3029272] INFO: GoogleAnalytics 3.07 -[GAIBatchingDispatcher deleteHits:] (GAIBatchingDispatcher.m:436): hit(s) Successfully dispatched
2015-07-24 17:16:11.204 Femiapp[24741:3029272] INFO: GoogleAnalytics 3.07 -[GAIBatchingDispatcher didSendHits:] (GAIBatchingDispatcher.m:167): 1 hit(s) sent
2015-07-24 17:16:11.205 Femiapp[24741:3029272] VERBOSE: GoogleAnalytics 3.07 -[GAIRequestBuilder requestGetUrl:payload:] (GAIRequestBuilder.m:195): building URLRequest for https://ssl.google-analytics.com/collect
2015-07-24 17:16:11.205 Femiapp[24741:3029272] VERBOSE: GoogleAnalytics 3.07 -[GAIBatchingDispatcher dispatch] (GAIBatchingDispatcher.m:509): Sending hit(s) GET: https://ssl.google-analytics.com/collect?av=0.0.1&cd=calendar&t=appview&ul=en&_u=.L&tid=UA-50190992-1&cid=a708f01c-ae19-40a7-9e3a-052d465c806d&sr=320x480&v=1&aid=com.dagrinchi.sexyplan&_v=mi3.0.7&an=Femiapp&ht=1437776163909&qt=7295&z=3119406450755136795
2015-07-24 17:16:11.263 Femiapp[24741:3029217] INFO: GoogleAnalytics 3.07 -[GAIBatchingDispatcher didSendHits:response:data:error:] (GAIBatchingDispatcher.m:157): Hit(s) dispatched: HTTP status 200
2015-07-24 17:16:11.263 Femiapp[24741:3029272] INFO: GoogleAnalytics 3.07 -[GAIBatchingDispatcher deleteHits:] (GAIBatchingDispatcher.m:436): hit(s) Successfully dispatched
2015-07-24 17:16:11.263 Femiapp[24741:3029272] INFO: GoogleAnalytics 3.07 -[GAIBatchingDispatcher didSendHits:] (GAIBatchingDispatcher.m:167): 1 hit(s) sent
2015-07-24 17:16:41.357 Femiapp[24741:3029272] VERBOSE: GoogleAnalytics 3.07 -[GAIBatchingDispatcher persist:] (GAIBatchingDispatcher.m:424): Saved hit: {
    parameters =     {
        "&_u" = ".L";
        "&_v" = "mi3.0.7";
        "&aid" = "com.dagrinchi.sexyplan";
        "&an" = Femiapp;
        "&av" = "0.0.1";
        "&cd" = home;
        "&cid" = "a708f01c-ae19-40a7-9e3a-052d465c806d";
        "&sr" = 320x480;
        "&t" = appview;
        "&tid" = "UA-50190992-1";
        "&ul" = en;
        "&v" = 1;
        "&z" = 3119406450755136796;
        gaiVersion = "3.07";
    };
    timestamp = "2015-07-24 22:16:41 +0000";
}
2015-07-24 17:16:48.630 Femiapp[24741:3029217] Resetting plugins due to page load.
2015-07-24 17:16:48.652 Femiapp[24741:3029217] Finished load of: file:///Users/david/Library/Developer/CoreSimulator/Devices/4849EA84-7299-4530-AA4D-A406B4968F3B/data/Containers/Bundle/Application/2D4175F2-1BA9-46B9-83FD-90F15F2DC558/Femiapp.app/www/index.html?search_txt=synovul#search
2015-07-24 17:16:48.718 Femiapp[24741:3029272] VERBOSE: GoogleAnalytics 3.07 -[GAIBatchingDispatcher persist:] (GAIBatchingDispatcher.m:424): Saved hit: {
    parameters =     {
        "&_u" = ".te7nL";
        "&_v" = "mi3.0.7";
        "&aid" = "com.dagrinchi.sexyplan";
        "&an" = Femiapp;
        "&av" = "0.0.1";
        "&cd" = search;
        "&cid" = "a708f01c-ae19-40a7-9e3a-052d465c806d";
        "&sr" = 320x480;
        "&t" = appview;
        "&tid" = "UA-50190992-1";
        "&ul" = en;
        "&v" = 1;
        "&z" = 3119406450755136797;
        gaiVersion = "3.07";
    };
    timestamp = "2015-07-24 22:16:48 +0000";
}
2015-07-24 17:16:49.425 Femiapp[24741:3029217] producto_inyectables_4
2015-07-24 17:16:49.429 Femiapp[24741:3029272] VERBOSE: GoogleAnalytics 3.07 -[GAIBatchingDispatcher persist:] (GAIBatchingDispatcher.m:424): Saved hit: {
    parameters =     {
        "&_u" = ".L";
        "&_v" = "mi3.0.7";
        "&aid" = "com.dagrinchi.sexyplan";
        "&an" = Femiapp;
        "&av" = "0.0.1";
        "&cd" = "producto_inyectables_4";
        "&cid" = "a708f01c-ae19-40a7-9e3a-052d465c806d";
        "&sr" = 320x480;
        "&t" = appview;
        "&tid" = "UA-50190992-1";
        "&ul" = en;
        "&v" = 1;
        "&z" = 3119406450755136798;
        gaiVersion = "3.07";
    };
    timestamp = "2015-07-24 22:16:49 +0000";
}
2015-07-24 17:16:51.359 Femiapp[24741:3029272] VERBOSE: GoogleAnalytics 3.07 -[GAIRequestBuilder requestGetUrl:payload:] (GAIRequestBuilder.m:195): building URLRequest for https://ssl.google-analytics.com/collect
2015-07-24 17:16:51.359 Femiapp[24741:3029272] VERBOSE: GoogleAnalytics 3.07 -[GAIBatchingDispatcher dispatch] (GAIBatchingDispatcher.m:509): Sending hit(s) GET: https://ssl.google-analytics.com/collect?av=0.0.1&cd=home&t=appview&ul=en&_u=.L&tid=UA-50190992-1&cid=a708f01c-ae19-40a7-9e3a-052d465c806d&sr=320x480&v=1&aid=com.dagrinchi.sexyplan&_v=mi3.0.7&an=Femiapp&ht=1437776201355&qt=10003&z=3119406450755136796
2015-07-24 17:16:51.427 Femiapp[24741:3029217] INFO: GoogleAnalytics 3.07 -[GAIBatchingDispatcher didSendHits:response:data:error:] (GAIBatchingDispatcher.m:157): Hit(s) dispatched: HTTP status 200
2015-07-24 17:16:51.427 Femiapp[24741:3029272] INFO: GoogleAnalytics 3.07 -[GAIBatchingDispatcher deleteHits:] (GAIBatchingDispatcher.m:436): hit(s) Successfully dispatched
2015-07-24 17:16:51.429 Femiapp[24741:3029272] INFO: GoogleAnalytics 3.07 -[GAIBatchingDispatcher didSendHits:] (GAIBatchingDispatcher.m:167): 1 hit(s) sent
2015-07-24 17:16:51.430 Femiapp[24741:3029272] VERBOSE: GoogleAnalytics 3.07 -[GAIRequestBuilder requestGetUrl:payload:] (GAIRequestBuilder.m:195): building URLRequest for https://ssl.google-analytics.com/collect
2015-07-24 17:16:51.430 Femiapp[24741:3029272] VERBOSE: GoogleAnalytics 3.07 -[GAIBatchingDispatcher dispatch] (GAIBatchingDispatcher.m:509): Sending hit(s) GET: https://ssl.google-analytics.com/collect?av=0.0.1&cd=search&t=appview&ul=en&_u=.te7nL&tid=UA-50190992-1&cid=a708f01c-ae19-40a7-9e3a-052d465c806d&sr=320x480&v=1&aid=com.dagrinchi.sexyplan&_v=mi3.0.7&an=Femiapp&ht=1437776208717&qt=2712&z=3119406450755136797
2015-07-24 17:16:51.487 Femiapp[24741:3029217] INFO: GoogleAnalytics 3.07 -[GAIBatchingDispatcher didSendHits:response:data:error:] (GAIBatchingDispatcher.m:157): Hit(s) dispatched: HTTP status 200
2015-07-24 17:16:51.488 Femiapp[24741:3029272] INFO: GoogleAnalytics 3.07 -[GAIBatchingDispatcher deleteHits:] (GAIBatchingDispatcher.m:436): hit(s) Successfully dispatched
2015-07-24 17:16:51.488 Femiapp[24741:3029272] INFO: GoogleAnalytics 3.07 -[GAIBatchingDispatcher didSendHits:] (GAIBatchingDispatcher.m:167): 1 hit(s) sent
2015-07-24 17:16:51.489 Femiapp[24741:3029272] VERBOSE: GoogleAnalytics 3.07 -[GAIRequestBuilder requestGetUrl:payload:] (GAIRequestBuilder.m:195): building URLRequest for https://ssl.google-analytics.com/collect
2015-07-24 17:16:51.489 Femiapp[24741:3029272] VERBOSE: GoogleAnalytics 3.07 -[GAIBatchingDispatcher dispatch] (GAIBatchingDispatcher.m:509): Sending hit(s) GET: https://ssl.google-analytics.com/collect?av=0.0.1&cd=producto_inyectables_4&t=appview&ul=en&_u=.L&tid=UA-50190992-1&cid=a708f01c-ae19-40a7-9e3a-052d465c806d&sr=320x480&v=1&aid=com.dagrinchi.sexyplan&_v=mi3.0.7&an=Femiapp&ht=1437776209426&qt=2062&z=3119406450755136798
2015-07-24 17:16:51.550 Femiapp[24741:3029217] INFO: GoogleAnalytics 3.07 -[GAIBatchingDispatcher didSendHits:response:data:error:] (GAIBatchingDispatcher.m:157): Hit(s) dispatched: HTTP status 200
2015-07-24 17:16:51.550 Femiapp[24741:3029272] INFO: GoogleAnalytics 3.07 -[GAIBatchingDispatcher deleteHits:] (GAIBatchingDispatcher.m:436): hit(s) Successfully dispatched
2015-07-24 17:16:51.551 Femiapp[24741:3029272] INFO: GoogleAnalytics 3.07 -[GAIBatchingDispatcher didSendHits:] (GAIBatchingDispatcher.m:167): 1 hit(s) sent
2015-07-24 17:17:03.979 Femiapp[24741:3029217] Resetting plugins due to page load.
2015-07-24 17:17:03.992 Femiapp[24741:3029217] Finished load of: file:///Users/david/Library/Developer/CoreSimulator/Devices/4849EA84-7299-4530-AA4D-A406B4968F3B/data/Containers/Bundle/Application/2D4175F2-1BA9-46B9-83FD-90F15F2DC558/Femiapp.app/www/index.html?text=Test&start-date=2015-07-24&start-time=17%3A20&reminder=minutes-5&numero=1&rec_type=month_1___%23#planModal
2015-07-24 17:19:13.426 Femiapp[25045:3054364] DiskCookieStorage changing policy from 2 to 0, cookie file: file:///Users/david/Library/Developer/CoreSimulator/Devices/4849EA84-7299-4530-AA4D-A406B4968F3B/data/Containers/Data/Application/F18A0C92-4833-46BB-AB0B-23CB141D34C6/Library/Cookies/Cookies.binarycookies
2015-07-24 17:19:13.484 Femiapp[25045:3054364] Multi-tasking -> Device: YES, App: YES
2015-07-24 17:19:13.490 Femiapp[25045:3054364] Unlimited access to network resources
2015-07-24 17:19:13.494 Femiapp[25045:3054364] 

Started backup to iCloud! Please be careful.
Your application might rejected by Apple if you store too much data.
For more information please read "iOS Data Storage Guidelines"
You could find it at the following address https://developer.apple.com/icloud/documentation/data-storage/ .

2015-07-24 17:19:13.595 Femiapp[25045:3054364] [CDVTimer][localnotification] 0.048995ms
2015-07-24 17:19:13.595 Femiapp[25045:3054364] [CDVTimer][localnotification] 0.005007ms
2015-07-24 17:19:13.595 Femiapp[25045:3054364] [CDVTimer][TotalPluginStartup] 0.319004ms
2015-07-24 17:19:13.646 Femiapp[25045:3054364] Resetting plugins due to page load.
2015-07-24 17:19:13.754 Femiapp[25045:3054364] Finished load of: file:///Users/david/Library/Developer/CoreSimulator/Devices/4849EA84-7299-4530-AA4D-A406B4968F3B/data/Containers/Bundle/Application/A0FCD6BD-63E8-4A73-8D8E-4C8EE4C98532/Femiapp.app/www/index.html
2015-07-24 17:19:13.871 Femiapp[25045:3054364] {"code":5,"message":"could not prepare statement (1 no such table: planning)"}
2015-07-24 17:19:13.877 Femiapp[25045:3054482] VERBOSE: GoogleAnalytics 3.07 -[GAIBatchingDispatcher persist:] (GAIBatchingDispatcher.m:424): Saved hit: {
    parameters =     {
        "&_u" = ".tenL";
        "&_v" = "mi3.0.7";
        "&aid" = "com.dagrinchi.sexyplan";
        "&an" = Femiapp;
        "&av" = "0.0.1";
        "&cd" = intro;
        "&cid" = "a708f01c-ae19-40a7-9e3a-052d465c806d";
        "&sr" = 320x480;
        "&t" = appview;
        "&tid" = "UA-50190992-1";
        "&ul" = en;
        "&v" = 1;
        "&z" = 4445740743534819658;
        gaiVersion = "3.07";
    };
    timestamp = "2015-07-24 22:19:13 +0000";
}
2015-07-24 17:19:13.879 Femiapp[25045:3054482] VERBOSE: GoogleAnalytics 3.07 -[GAIBatchingDispatcher persist:] (GAIBatchingDispatcher.m:424): Saved hit: {
    parameters =     {
        "&_u" = ".L";
        "&_v" = "mi3.0.7";
        "&aid" = "com.dagrinchi.sexyplan";
        "&an" = Femiapp;
        "&av" = "0.0.1";
        "&cd" = home;
        "&cid" = "a708f01c-ae19-40a7-9e3a-052d465c806d";
        "&sr" = 320x480;
        "&t" = appview;
        "&tid" = "UA-50190992-1";
        "&ul" = en;
        "&v" = 1;
        "&z" = 4445740743534819659;
        gaiVersion = "3.07";
    };
    timestamp = "2015-07-24 22:19:13 +0000";
}
2015-07-24 17:19:13.883 Femiapp[25045:3054364] INFO: GoogleAnalytics 3.07 -[GAIReachabilityChecker reachabilityFlagsChanged:] (GAIReachabilityChecker.m:159): Reachability flags update: 0X000002
2015-07-24 17:19:18.317 Femiapp[25045:3054482] VERBOSE: GoogleAnalytics 3.07 -[GAIBatchingDispatcher persist:] (GAIBatchingDispatcher.m:424): Saved hit: {
    parameters =     {
        "&_u" = ".L";
        "&_v" = "mi3.0.7";
        "&aid" = "com.dagrinchi.sexyplan";
        "&an" = Femiapp;
        "&av" = "0.0.1";
        "&cd" = pildoras;
        "&cid" = "a708f01c-ae19-40a7-9e3a-052d465c806d";
        "&sr" = 320x480;
        "&t" = appview;
        "&tid" = "UA-50190992-1";
        "&ul" = en;
        "&v" = 1;
        "&z" = 4445740743534819660;
        gaiVersion = "3.07";
    };
    timestamp = "2015-07-24 22:19:18 +0000";
}
2015-07-24 17:19:22.562 Femiapp[25045:3054364] producto_pildoras_1
2015-07-24 17:19:22.565 Femiapp[25045:3054482] VERBOSE: GoogleAnalytics 3.07 -[GAIBatchingDispatcher persist:] (GAIBatchingDispatcher.m:424): Saved hit: {
    parameters =     {
        "&_u" = ".L";
        "&_v" = "mi3.0.7";
        "&aid" = "com.dagrinchi.sexyplan";
        "&an" = Femiapp;
        "&av" = "0.0.1";
        "&cd" = "producto_pildoras_1";
        "&cid" = "a708f01c-ae19-40a7-9e3a-052d465c806d";
        "&sr" = 320x480;
        "&t" = appview;
        "&tid" = "UA-50190992-1";
        "&ul" = en;
        "&v" = 1;
        "&z" = 4445740743534819661;
        gaiVersion = "3.07";
    };
    timestamp = "2015-07-24 22:19:22 +0000";
}
2015-07-24 17:19:23.876 Femiapp[25045:3054482] VERBOSE: GoogleAnalytics 3.07 -[GAIRequestBuilder requestGetUrl:payload:] (GAIRequestBuilder.m:195): building URLRequest for https://ssl.google-analytics.com/collect
2015-07-24 17:19:23.876 Femiapp[25045:3054482] VERBOSE: GoogleAnalytics 3.07 -[GAIBatchingDispatcher dispatch] (GAIBatchingDispatcher.m:509): Sending hit(s) GET: https://ssl.google-analytics.com/collect?av=0.0.1&cd=intro&t=appview&ul=en&_u=.tenL&tid=UA-50190992-1&cid=a708f01c-ae19-40a7-9e3a-052d465c806d&sr=320x480&v=1&aid=com.dagrinchi.sexyplan&_v=mi3.0.7&an=Femiapp&ht=1437776353874&qt=10001&z=4445740743534819658
2015-07-24 17:19:24.138 Femiapp[25045:3054364] INFO: GoogleAnalytics 3.07 -[GAIBatchingDispatcher didSendHits:response:data:error:] (GAIBatchingDispatcher.m:157): Hit(s) dispatched: HTTP status 200
2015-07-24 17:19:24.138 Femiapp[25045:3054482] INFO: GoogleAnalytics 3.07 -[GAIBatchingDispatcher deleteHits:] (GAIBatchingDispatcher.m:436): hit(s) Successfully dispatched
2015-07-24 17:19:24.139 Femiapp[25045:3054482] INFO: GoogleAnalytics 3.07 -[GAIBatchingDispatcher didSendHits:] (GAIBatchingDispatcher.m:167): 1 hit(s) sent
2015-07-24 17:19:24.140 Femiapp[25045:3054482] VERBOSE: GoogleAnalytics 3.07 -[GAIRequestBuilder requestGetUrl:payload:] (GAIRequestBuilder.m:195): building URLRequest for https://ssl.google-analytics.com/collect
2015-07-24 17:19:24.140 Femiapp[25045:3054482] VERBOSE: GoogleAnalytics 3.07 -[GAIBatchingDispatcher dispatch] (GAIBatchingDispatcher.m:509): Sending hit(s) GET: https://ssl.google-analytics.com/collect?av=0.0.1&cd=home&t=appview&ul=en&_u=.L&tid=UA-50190992-1&cid=a708f01c-ae19-40a7-9e3a-052d465c806d&sr=320x480&v=1&aid=com.dagrinchi.sexyplan&_v=mi3.0.7&an=Femiapp&ht=1437776353878&qt=10262&z=4445740743534819659
2015-07-24 17:19:24.201 Femiapp[25045:3054364] INFO: GoogleAnalytics 3.07 -[GAIBatchingDispatcher didSendHits:response:data:error:] (GAIBatchingDispatcher.m:157): Hit(s) dispatched: HTTP status 200
2015-07-24 17:19:24.201 Femiapp[25045:3054482] INFO: GoogleAnalytics 3.07 -[GAIBatchingDispatcher deleteHits:] (GAIBatchingDispatcher.m:436): hit(s) Successfully dispatched
2015-07-24 17:19:24.202 Femiapp[25045:3054482] INFO: GoogleAnalytics 3.07 -[GAIBatchingDispatcher didSendHits:] (GAIBatchingDispatcher.m:167): 1 hit(s) sent
2015-07-24 17:19:24.202 Femiapp[25045:3054482] VERBOSE: GoogleAnalytics 3.07 -[GAIRequestBuilder requestGetUrl:payload:] (GAIRequestBuilder.m:195): building URLRequest for https://ssl.google-analytics.com/collect
2015-07-24 17:19:24.202 Femiapp[25045:3054482] VERBOSE: GoogleAnalytics 3.07 -[GAIBatchingDispatcher dispatch] (GAIBatchingDispatcher.m:509): Sending hit(s) GET: https://ssl.google-analytics.com/collect?av=0.0.1&cd=pildoras&t=appview&ul=en&_u=.L&tid=UA-50190992-1&cid=a708f01c-ae19-40a7-9e3a-052d465c806d&sr=320x480&v=1&aid=com.dagrinchi.sexyplan&_v=mi3.0.7&an=Femiapp&ht=1437776358314&qt=5887&z=4445740743534819660
2015-07-24 17:19:24.272 Femiapp[25045:3054364] INFO: GoogleAnalytics 3.07 -[GAIBatchingDispatcher didSendHits:response:data:error:] (GAIBatchingDispatcher.m:157): Hit(s) dispatched: HTTP status 200
2015-07-24 17:19:24.272 Femiapp[25045:3054482] INFO: GoogleAnalytics 3.07 -[GAIBatchingDispatcher deleteHits:] (GAIBatchingDispatcher.m:436): hit(s) Successfully dispatched
2015-07-24 17:19:24.273 Femiapp[25045:3054482] INFO: GoogleAnalytics 3.07 -[GAIBatchingDispatcher didSendHits:] (GAIBatchingDispatcher.m:167): 1 hit(s) sent
2015-07-24 17:19:24.273 Femiapp[25045:3054482] VERBOSE: GoogleAnalytics 3.07 -[GAIRequestBuilder requestGetUrl:payload:] (GAIRequestBuilder.m:195): building URLRequest for https://ssl.google-analytics.com/collect
2015-07-24 17:19:24.273 Femiapp[25045:3054482] VERBOSE: GoogleAnalytics 3.07 -[GAIBatchingDispatcher dispatch] (GAIBatchingDispatcher.m:509): Sending hit(s) GET: https://ssl.google-analytics.com/collect?av=0.0.1&cd=producto_pildoras_1&t=appview&ul=en&_u=.L&tid=UA-50190992-1&cid=a708f01c-ae19-40a7-9e3a-052d465c806d&sr=320x480&v=1&aid=com.dagrinchi.sexyplan&_v=mi3.0.7&an=Femiapp&ht=1437776362562&qt=1710&z=4445740743534819661
2015-07-24 17:19:24.335 Femiapp[25045:3054364] INFO: GoogleAnalytics 3.07 -[GAIBatchingDispatcher didSendHits:response:data:error:] (GAIBatchingDispatcher.m:157): Hit(s) dispatched: HTTP status 200
2015-07-24 17:19:24.336 Femiapp[25045:3054482] INFO: GoogleAnalytics 3.07 -[GAIBatchingDispatcher deleteHits:] (GAIBatchingDispatcher.m:436): hit(s) Successfully dispatched
2015-07-24 17:19:24.336 Femiapp[25045:3054482] INFO: GoogleAnalytics 3.07 -[GAIBatchingDispatcher didSendHits:] (GAIBatchingDispatcher.m:167): 1 hit(s) sent
2015-07-24 17:19:45.394 Femiapp[25045:3054364] THREAD WARNING: ['Notification'] took '28.764893' ms. Plugin should use a background thread.
2015-07-24 17:19:46.572 Femiapp[25045:3054482] VERBOSE: GoogleAnalytics 3.07 -[GAIBatchingDispatcher persist:] (GAIBatchingDispatcher.m:424): Saved hit: {
    parameters =     {
        "&_u" = ".L";
        "&_v" = "mi3.0.7";
        "&aid" = "com.dagrinchi.sexyplan";
        "&an" = Femiapp;
        "&av" = "0.0.1";
        "&cd" = calendar;
        "&cid" = "a708f01c-ae19-40a7-9e3a-052d465c806d";
        "&sr" = 320x480;
        "&t" = appview;
        "&tid" = "UA-50190992-1";
        "&ul" = en;
        "&v" = 1;
        "&z" = 4445740743534819662;
        gaiVersion = "3.07";
    };
    timestamp = "2015-07-24 22:19:46 +0000";
}
2015-07-24 17:19:46.668 Femiapp[25045:3058807] Attempting to schedule a local notification <UIConcreteLocalNotification: 0x7ae2d5c0>{fire date = Saturday, August 1, 2015 at 5:15:00 PM Colombia Standard Time, time zone = America/Bogota (GMT-5) offset -18000, repeat interval = NSCalendarUnitEra, repeat count = UILocalNotificationInfiniteRepeatCount, next fire date = Saturday, August 1, 2015 at 5:15:00 PM Colombia Standard Time, user info = {
    autoCancel = 1;
    id = "1-7";
    json = "";
}} with an alert but haven't received permission from the user to display alerts
2015-07-24 17:19:46.668 Femiapp[25045:3058627] Attempting to schedule a local notification <UIConcreteLocalNotification: 0x7ac2e4b0>{fire date = Sunday, July 26, 2015 at 5:15:00 PM Colombia Standard Time, time zone = America/Bogota (GMT-5) offset -18000, repeat interval = NSCalendarUnitEra, repeat count = UILocalNotificationInfiniteRepeatCount, next fire date = Sunday, July 26, 2015 at 5:15:00 PM Colombia Standard Time, user info = {
    autoCancel = 1;
    id = "1-1";
    json = "";
}} with an alert but haven't received permission from the user to display alerts
2015-07-24 17:19:46.668 Femiapp[25045:3058811] Attempting to schedule a local notification <UIConcreteLocalNotification: 0x7a8b8240>{fire date = Wednesday, August 5, 2015 at 5:15:00 PM Colombia Standard Time, time zone = America/Bogota (GMT-5) offset -18000, repeat interval = NSCalendarUnitEra, repeat count = UILocalNotificationInfiniteRepeatCount, next fire date = Wednesday, August 5, 2015 at 5:15:00 PM Colombia Standard Time, user info = {
    autoCancel = 1;
    id = "1-11";
    json = "";
}} with an alert but haven't received permission from the user to display alerts
2015-07-24 17:19:46.668 Femiapp[25045:3058818] Attempting to schedule a local notification <UIConcreteLocalNotification: 0x7af2a8d0>{fire date = Monday, August 10, 2015 at 5:15:00 PM Colombia Standard Time, time zone = America/Bogota (GMT-5) offset -18000, repeat interval = NSCalendarUnitEra, repeat count = UILocalNotificationInfiniteRepeatCount, next fire date = Monday, August 10, 2015 at 5:15:00 PM Colombia Standard Time, user info = {
    autoCancel = 1;
    id = "1-16";
    json = "";
}} with an alert but haven't received permission from the user to display alerts
2015-07-24 17:19:46.668 Femiapp[25045:3055784] Attempting to schedule a local notification <UIConcreteLocalNotification: 0x7ae2d550>{fire date = Saturday, July 25, 2015 at 5:15:00 PM Colombia Standard Time, time zone = America/Bogota (GMT-5) offset -18000, repeat interval = NSCalendarUnitEra, repeat count = UILocalNotificationInfiniteRepeatCount, next fire date = Saturday, July 25, 2015 at 5:15:00 PM Colombia Standard Time, user info = {
    autoCancel = 1;
    id = "1-0";
    json = "";
}} with an alert but haven't received permission from the user to display alerts
2015-07-24 17:19:46.668 Femiapp[25045:3058812] Attempting to schedule a local notification <UIConcreteLocalNotification: 0x7d12b280>{fire date = Thursday, August 6, 2015 at 5:15:00 PM Colombia Standard Time, time zone = America/Bogota (GMT-5) offset -18000, repeat interval = NSCalendarUnitEra, repeat count = UILocalNotificationInfiniteRepeatCount, next fire date = Thursday, August 6, 2015 at 5:15:00 PM Colombia Standard Time, user info = {
    autoCancel = 1;
    id = "1-12";
    json = "";
}} with an alert but haven't received permission from the user to display alerts
2015-07-24 17:19:46.668 Femiapp[25045:3058820] Attempting to schedule a local notification <UIConcreteLocalNotification: 0x7d62a8f0>{fire date = Wednesday, August 12, 2015 at 5:15:00 PM Colombia Standard Time, time zone = America/Bogota (GMT-5) offset -18000, repeat interval = NSCalendarUnitEra, repeat count = UILocalNotificationInfiniteRepeatCount, next fire date = Wednesday, August 12, 2015 at 5:15:00 PM Colombia Standard Time, user info = {
    autoCancel = 1;
    id = "1-18";
    json = "";
}} with an alert but haven't received permission from the user to display alerts
2015-07-24 17:19:46.668 Femiapp[25045:3058819] Attempting to schedule a local notification <UIConcreteLocalNotification: 0x7a804610>{fire date = Tuesday, August 11, 2015 at 5:15:00 PM Colombia Standard Time, time zone = America/Bogota (GMT-5) offset -18000, repeat interval = NSCalendarUnitEra, repeat count = UILocalNotificationInfiniteRepeatCount, next fire date = Tuesday, August 11, 2015 at 5:15:00 PM Colombia Standard Time, user info = {
    autoCancel = 1;
    id = "1-17";
    json = "";
}} with an alert but haven't received permission from the user to display alerts
2015-07-24 17:19:46.668 Femiapp[25045:3058806] Attempting to schedule a local notification <UIConcreteLocalNotification: 0x7ae2d630>{fire date = Friday, July 31, 2015 at 5:15:00 PM Colombia Standard Time, time zone = America/Bogota (GMT-5) offset -18000, repeat interval = NSCalendarUnitEra, repeat count = UILocalNotificationInfiniteRepeatCount, next fire date = Friday, July 31, 2015 at 5:15:00 PM Colombia Standard Time, user info = {
    autoCancel = 1;
    id = "1-6";
    json = "";
}} with an alert but haven't received permission from the user to display alerts
2015-07-24 17:19:46.668 Femiapp[25045:3058816] Attempting to schedule a local notification <UIConcreteLocalNotification: 0x7af28b10>{fire date = Saturday, August 8, 2015 at 5:15:00 PM Colombia Standard Time, time zone = America/Bogota (GMT-5) offset -18000, repeat interval = NSCalendarUnitEra, repeat count = UILocalNotificationInfiniteRepeatCount, next fire date = Saturday, August 8, 2015 at 5:15:00 PM Colombia Standard Time, user info = {
    autoCancel = 1;
    id = "1-14";
    json = "";
}} with an alert but haven't received permission from the user to display alerts
2015-07-24 17:19:46.668 Femiapp[25045:3058802] Attempting to schedule a local notification <UIConcreteLocalNotification: 0x7a811bb0>{fire date = Monday, July 27, 2015 at 5:15:00 PM Colombia Standard Time, time zone = America/Bogota (GMT-5) offset -18000, repeat interval = NSCalendarUnitEra, repeat count = UILocalNotificationInfiniteRepeatCount, next fire date = Monday, July 27, 2015 at 5:15:00 PM Colombia Standard Time, user info = {
    autoCancel = 1;
    id = "1-2";
    json = "";
}} with an alert but haven't received permission from the user to display alerts
2015-07-24 17:19:46.668 Femiapp[25045:3058805] Attempting to schedule a local notification <UIConcreteLocalNotification: 0x7a810b80>{fire date = Thursday, July 30, 2015 at 5:15:00 PM Colombia Standard Time, time zone = America/Bogota (GMT-5) offset -18000, repeat interval = NSCalendarUnitEra, repeat count = UILocalNotificationInfiniteRepeatCount, next fire date = Thursday, July 30, 2015 at 5:15:00 PM Colombia Standard Time, user info = {
    autoCancel = 1;
    id = "1-5";
    json = "";
}} with an alert but haven't received permission from the user to display alerts
2015-07-24 17:19:46.668 Femiapp[25045:3058809] Attempting to schedule a local notification <UIConcreteLocalNotification: 0x7ae2d4c0>{fire date = Monday, August 3, 2015 at 5:15:00 PM Colombia Standard Time, time zone = America/Bogota (GMT-5) offset -18000, repeat interval = NSCalendarUnitEra, repeat count = UILocalNotificationInfiniteRepeatCount, next fire date = Monday, August 3, 2015 at 5:15:00 PM Colombia Standard Time, user info = {
    autoCancel = 1;
    id = "1-9";
    json = "";
}} with an alert but haven't received permission from the user to display alerts
2015-07-24 17:19:46.668 Femiapp[25045:3058822] Attempting to schedule a local notification <UIConcreteLocalNotification: 0x7af2ac60>{fire date = Friday, August 14, 2015 at 5:15:00 PM Colombia Standard Time, time zone = America/Bogota (GMT-5) offset -18000, repeat interval = NSCalendarUnitEra, repeat count = UILocalNotificationInfiniteRepeatCount, next fire date = Friday, August 14, 2015 at 5:15:00 PM Colombia Standard Time, user info = {
    autoCancel = 1;
    id = "1-20";
    json = "";
}} with an alert but haven't received permission from the user to display alerts
2015-07-24 17:19:46.668 Femiapp[25045:3058803] Attempting to schedule a local notification <UIConcreteLocalNotification: 0x7a8213e0>{fire date = Tuesday, July 28, 2015 at 5:15:00 PM Colombia Standard Time, time zone = America/Bogota (GMT-5) offset -18000, repeat interval = NSCalendarUnitEra, repeat count = UILocalNotificationInfiniteRepeatCount, next fire date = Tuesday, July 28, 2015 at 5:15:00 PM Colombia Standard Time, user info = {
    autoCancel = 1;
    id = "1-3";
    json = "";
}} with an alert but haven't received permission from the user to display alerts
2015-07-24 17:19:46.668 Femiapp[25045:3058808] Attempting to schedule a local notification <UIConcreteLocalNotification: 0x7ae2e470>{fire date = Sunday, August 2, 2015 at 5:15:00 PM Colombia Standard Time, time zone = America/Bogota (GMT-5) offset -18000, repeat interval = NSCalendarUnitEra, repeat count = UILocalNotificationInfiniteRepeatCount, next fire date = Sunday, August 2, 2015 at 5:15:00 PM Colombia Standard Time, user info = {
    autoCancel = 1;
    id = "1-8";
    json = "";
}} with an alert but haven't received permission from the user to display alerts
2015-07-24 17:19:46.668 Femiapp[25045:3058810] Attempting to schedule a local notification <UIConcreteLocalNotification: 0x7a81b500>{fire date = Tuesday, August 4, 2015 at 5:15:00 PM Colombia Standard Time, time zone = America/Bogota (GMT-5) offset -18000, repeat interval = NSCalendarUnitEra, repeat count = UILocalNotificationInfiniteRepeatCount, next fire date = Tuesday, August 4, 2015 at 5:15:00 PM Colombia Standard Time, user info = {
    autoCancel = 1;
    id = "1-10";
    json = "";
}} with an alert but haven't received permission from the user to display alerts
2015-07-24 17:19:46.668 Femiapp[25045:3058821] Attempting to schedule a local notification <UIConcreteLocalNotification: 0x7d12b460>{fire date = Thursday, August 13, 2015 at 5:15:00 PM Colombia Standard Time, time zone = America/Bogota (GMT-5) offset -18000, repeat interval = NSCalendarUnitEra, repeat count = UILocalNotificationInfiniteRepeatCount, next fire date = Thursday, August 13, 2015 at 5:15:00 PM Colombia Standard Time, user info = {
    autoCancel = 1;
    id = "1-19";
    json = "";
}} with an alert but haven't received permission from the user to display alerts
2015-07-24 17:19:46.668 Femiapp[25045:3058813] Attempting to schedule a local notification <UIConcreteLocalNotification: 0x7af294f0>{fire date = Friday, August 7, 2015 at 5:15:00 PM Colombia Standard Time, time zone = America/Bogota (GMT-5) offset -18000, repeat interval = NSCalendarUnitEra, repeat count = UILocalNotificationInfiniteRepeatCount, next fire date = Friday, August 7, 2015 at 5:15:00 PM Colombia Standard Time, user info = {
    autoCancel = 1;
    id = "1-13";
    json = "";
}} with an alert but haven't received permission from the user to display alerts
2015-07-24 17:19:46.669 Femiapp[25045:3058804] Attempting to schedule a local notification <UIConcreteLocalNotification: 0x7ae2e400>{fire date = Wednesday, July 29, 2015 at 5:15:00 PM Colombia Standard Time, time zone = America/Bogota (GMT-5) offset -18000, repeat interval = NSCalendarUnitEra, repeat count = UILocalNotificationInfiniteRepeatCount, next fire date = Wednesday, July 29, 2015 at 5:15:00 PM Colombia Standard Time, user info = {
    autoCancel = 1;
    id = "1-4";
    json = "";
}} with an alert but haven't received permission from the user to display alerts
2015-07-24 17:19:46.669 Femiapp[25045:3058817] Attempting to schedule a local notification <UIConcreteLocalNotification: 0x7af28b80>{fire date = Sunday, August 9, 2015 at 5:15:00 PM Colombia Standard Time, time zone = America/Bogota (GMT-5) offset -18000, repeat interval = NSCalendarUnitEra, repeat count = UILocalNotificationInfiniteRepeatCount, next fire date = Sunday, August 9, 2015 at 5:15:00 PM Colombia Standard Time, user info = {
    autoCancel = 1;
    id = "1-15";
    json = "";
}} with an alert but haven't received permission from the user to display alerts
2015-07-24 17:19:46.712 Femiapp[25045:3058807] Attempting to schedule a local notification <UIConcreteLocalNotification: 0x7ae2d5c0>{fire date = Saturday, August 1, 2015 at 5:15:00 PM Colombia Standard Time, time zone = America/Bogota (GMT-5) offset -18000, repeat interval = NSCalendarUnitEra, repeat count = UILocalNotificationInfiniteRepeatCount, next fire date = Saturday, August 1, 2015 at 5:15:00 PM Colombia Standard Time, user info = {
    autoCancel = 1;
    id = "1-7";
    json = "";
}} with a sound but haven't received permission from the user to play sounds
2015-07-24 17:19:46.712 Femiapp[25045:3058819] Attempting to schedule a local notification <UIConcreteLocalNotification: 0x7a804610>{fire date = Tuesday, August 11, 2015 at 5:15:00 PM Colombia Standard Time, time zone = America/Bogota (GMT-5) offset -18000, repeat interval = NSCalendarUnitEra, repeat count = UILocalNotificationInfiniteRepeatCount, next fire date = Tuesday, August 11, 2015 at 5:15:00 PM Colombia Standard Time, user info = {
    autoCancel = 1;
    id = "1-17";
    json = "";
}} with a sound but haven't received permission from the user to play sounds
2015-07-24 17:19:46.714 Femiapp[25045:3058809] Attempting to schedule a local notification <UIConcreteLocalNotification: 0x7ae2d4c0>{fire date = Monday, August 3, 2015 at 5:15:00 PM Colombia Standard Time, time zone = America/Bogota (GMT-5) offset -18000, repeat interval = NSCalendarUnitEra, repeat count = UILocalNotificationInfiniteRepeatCount, next fire date = Monday, August 3, 2015 at 5:15:00 PM Colombia Standard Time, user info = {
    autoCancel = 1;
    id = "1-9";
    json = "";
}} with a sound but haven't received permission from the user to play sounds
2015-07-24 17:19:46.715 Femiapp[25045:3058817] Attempting to schedule a local notification <UIConcreteLocalNotification: 0x7af28b80>{fire date = Sunday, August 9, 2015 at 5:15:00 PM Colombia Standard Time, time zone = America/Bogota (GMT-5) offset -18000, repeat interval = NSCalendarUnitEra, repeat count = UILocalNotificationInfiniteRepeatCount, next fire date = Sunday, August 9, 2015 at 5:15:00 PM Colombia Standard Time, user info = {
    autoCancel = 1;
    id = "1-15";
    json = "";
}} with a sound but haven't received permission from the user to play sounds
2015-07-24 17:19:46.716 Femiapp[25045:3058822] Attempting to schedule a local notification <UIConcreteLocalNotification: 0x7af2ac60>{fire date = Friday, August 14, 2015 at 5:15:00 PM Colombia Standard Time, time zone = America/Bogota (GMT-5) offset -18000, repeat interval = NSCalendarUnitEra, repeat count = UILocalNotificationInfiniteRepeatCount, next fire date = Friday, August 14, 2015 at 5:15:00 PM Colombia Standard Time, user info = {
    autoCancel = 1;
    id = "1-20";
    json = "";
}} with a sound but haven't received permission from the user to play sounds
2015-07-24 17:19:46.718 Femiapp[25045:3058806] Attempting to schedule a local notification <UIConcreteLocalNotification: 0x7ae2d630>{fire date = Friday, July 31, 2015 at 5:15:00 PM Colombia Standard Time, time zone = America/Bogota (GMT-5) offset -18000, repeat interval = NSCalendarUnitEra, repeat count = UILocalNotificationInfiniteRepeatCount, next fire date = Friday, July 31, 2015 at 5:15:00 PM Colombia Standard Time, user info = {
    autoCancel = 1;
    id = "1-6";
    json = "";
}} with a sound but haven't received permission from the user to play sounds
2015-07-24 17:19:46.722 Femiapp[25045:3058627] Attempting to schedule a local notification <UIConcreteLocalNotification: 0x7ac2e4b0>{fire date = Sunday, July 26, 2015 at 5:15:00 PM Colombia Standard Time, time zone = America/Bogota (GMT-5) offset -18000, repeat interval = NSCalendarUnitEra, repeat count = UILocalNotificationInfiniteRepeatCount, next fire date = Sunday, July 26, 2015 at 5:15:00 PM Colombia Standard Time, user info = {
    autoCancel = 1;
    id = "1-1";
    json = "";
}} with a sound but haven't received permission from the user to play sounds
2015-07-24 17:19:46.723 Femiapp[25045:3058811] Attempting to schedule a local notification <UIConcreteLocalNotification: 0x7a8b8240>{fire date = Wednesday, August 5, 2015 at 5:15:00 PM Colombia Standard Time, time zone = America/Bogota (GMT-5) offset -18000, repeat interval = NSCalendarUnitEra, repeat count = UILocalNotificationInfiniteRepeatCount, next fire date = Wednesday, August 5, 2015 at 5:15:00 PM Colombia Standard Time, user info = {
    autoCancel = 1;
    id = "1-11";
    json = "";
}} with a sound but haven't received permission from the user to play sounds
2015-07-24 17:19:46.725 Femiapp[25045:3058816] Attempting to schedule a local notification <UIConcreteLocalNotification: 0x7af28b10>{fire date = Saturday, August 8, 2015 at 5:15:00 PM Colombia Standard Time, time zone = America/Bogota (GMT-5) offset -18000, repeat interval = NSCalendarUnitEra, repeat count = UILocalNotificationInfiniteRepeatCount, next fire date = Saturday, August 8, 2015 at 5:15:00 PM Colombia Standard Time, user info = {
    autoCancel = 1;
    id = "1-14";
    json = "";
}} with a sound but haven't received permission from the user to play sounds
2015-07-24 17:19:46.726 Femiapp[25045:3058803] Attempting to schedule a local notification <UIConcreteLocalNotification: 0x7a8213e0>{fire date = Tuesday, July 28, 2015 at 5:15:00 PM Colombia Standard Time, time zone = America/Bogota (GMT-5) offset -18000, repeat interval = NSCalendarUnitEra, repeat count = UILocalNotificationInfiniteRepeatCount, next fire date = Tuesday, July 28, 2015 at 5:15:00 PM Colombia Standard Time, user info = {
    autoCancel = 1;
    id = "1-3";
    json = "";
}} with a sound but haven't received permission from the user to play sounds
2015-07-24 17:19:46.728 Femiapp[25045:3058818] Attempting to schedule a local notification <UIConcreteLocalNotification: 0x7af2a8d0>{fire date = Monday, August 10, 2015 at 5:15:00 PM Colombia Standard Time, time zone = America/Bogota (GMT-5) offset -18000, repeat interval = NSCalendarUnitEra, repeat count = UILocalNotificationInfiniteRepeatCount, next fire date = Monday, August 10, 2015 at 5:15:00 PM Colombia Standard Time, user info = {
    autoCancel = 1;
    id = "1-16";
    json = "";
}} with a sound but haven't received permission from the user to play sounds
2015-07-24 17:19:46.728 Femiapp[25045:3058808] Attempting to schedule a local notification <UIConcreteLocalNotification: 0x7ae2e470>{fire date = Sunday, August 2, 2015 at 5:15:00 PM Colombia Standard Time, time zone = America/Bogota (GMT-5) offset -18000, repeat interval = NSCalendarUnitEra, repeat count = UILocalNotificationInfiniteRepeatCount, next fire date = Sunday, August 2, 2015 at 5:15:00 PM Colombia Standard Time, user info = {
    autoCancel = 1;
    id = "1-8";
    json = "";
}} with a sound but haven't received permission from the user to play sounds
